env: load .env
env: export EXPO_PUBLIC_BACKEND_URL
Starting project at C:\Users\acer\Desktop\TalkTally\frontend
Starting Metro Bundler
warning: Bundler cache is empty, rebuilding (this may take a minute)
Waiting on http://localhost:8081
Logs for your project will appear below.
Android node_modules\expo-router\entry.js ░░░░░░░░░░░░░░░░  0.0% (0/1)
Android node_modules\expo-router\entry.js ░░░░░░░░░░░░░░░░  1.0% (1/1)
Android node_modules\expo-router\entry.js ▓▓░░░░░░░░░░░░░░ 16.0% ( 34/158)
Android node_modules\expo-router\entry.js ▓▓░░░░░░░░░░░░░░ 16.0% ( 60/226)
Android node_modules\expo-router\entry.js ▓▓▓░░░░░░░░░░░░░ 20.2% (143/319)
Android node_modules\expo-router\entry.js ▓▓▓▓▓░░░░░░░░░░░ 34.3% (239/415)
Android node_modules\expo-router\entry.js ▓▓▓▓▓▓░░░░░░░░░░ 39.3% (339/541)
Android node_modules\expo-router\entry.js ▓▓▓▓▓▓▓░░░░░░░░░ 46.1% (402/615)
Android node_modules\expo-router\entry.js ▓▓▓▓▓▓▓▓░░░░░░░░ 54.7% (503/686)
Android node_modules\expo-router\entry.js ▓▓▓▓▓▓▓▓▓░░░░░░░ 61.4% (557/712)
Android node_modules\expo-router\entry.js ▓▓▓▓▓▓▓▓▓▓░░░░░░ 63.4% (614/786)
Android node_modules\expo-router\entry.js ▓▓▓▓▓▓▓▓▓▓░░░░░░ 63.4% (644/812)
Android node_modules\expo-router\entry.js ▓▓▓▓▓▓▓▓▓▓░░░░░░ 63.4% (645/812)
Android node_modules\expo-router\entry.js ▓▓▓▓▓▓▓▓▓▓░░░░░░ 65.5% (661/817)
Android node_modules\expo-router\entry.js ▓▓▓▓▓▓▓▓▓▓▓░░░░░ 71.6% (707/836)
Android node_modules\expo-router\entry.js ▓▓▓▓▓▓▓▓▓▓▓░░░░░ 72.4% (794/935)
Android node_modules\expo-router\entry.js ▓▓▓▓▓▓▓▓▓▓▓▓░░░░ 76.4% ( 895/1024)
Android node_modules\expo-router\entry.js ▓▓▓▓▓▓▓▓▓▓▓▓▓░░░ 83.9% ( 983/1073)
Android node_modules\expo-router\entry.js ▓▓▓▓▓▓▓▓▓▓▓▓▓▓▓░ 98.2% (1119/1135)
Android Bundled 66731ms node_modules\expo-router\entry.js (1196 modules)
Android node_modules\expo-router\entry.js ▓▓▓▓▓▓▓▓▓▓▓▓▓▓▓░ 99.9% (1196/1196)
